87.200.18.58 - - [16/Dec/2022:16:21:19 +0400] "GET /favicon.ico HTTP/1.1" 200 389 "https://envirol.abacitechs.com/servicerequest" "Mozilla/5.0 (Windows NT 10.0; Win64; x64) AppleWebKit/537.36 (KHTML, like Gecko) Chrome/108.0.0.0 Safari/537.36"
87.200.18.58 - - [16/Dec/2022:16:21:19 +0400] "GET /gtcc_api/gtcc_service_request_detail/1 HTTP/1.1" 200 109301 "https://envirol.abacitechs.com/servicerequest" "Mozilla/5.0 (Windows NT 10.0; Win64; x64) AppleWebKit/537.36 (KHTML, like Gecko) Chrome/108.0.0.0 Safari/537.36"
87.200.18.58 - - [16/Dec/2022:16:21:23 +0400] "GET /gtcc_api/gtcc_vehiclelist/1 HTTP/1.1" 200 205 "https://envirol.abacitechs.com/servicerequest" "Mozilla/5.0 (Windows NT 10.0; Win64; x64) AppleWebKit/537.36 (KHTML, like Gecko) Chrome/108.0.0.0 Safari/537.36"
87.200.18.58 - - [16/Dec/2022:16:21:26 +0400] "POST /gtcc_api/assign_vehicle_for_service_request HTTP/1.1" 200 1263 "https://envirol.abacitechs.com/servicerequest" "Mozilla/5.0 (Windows NT 10.0; Win64; x64) AppleWebKit/537.36 (KHTML, like Gecko) Chrome/108.0.0.0 Safari/537.36"
49.37.233.125 - - [16/Dec/2022:16:21:34 +0400] "GET /gtcc_api/driver_service_request_details HTTP/1.1" 200 797 "-" "okhttp/4.9.2"
49.37.233.125 - - [16/Dec/2022:16:21:34 +0400] "GET /users_api/profile HTTP/1.1" 200 1996 "-" "okhttp/4.9.2"
87.200.18.58 - - [16/Dec/2022:16:21:38 +0400] "GET /favicon.ico HTTP/1.1" 200 389 "https://envirol.abacitechs.com/" "Mozilla/5.0 (Windows NT 10.0; Win64; x64) AppleWebKit/537.36 (KHTML, like Gecko) Chrome/108.0.0.0 Safari/537.36"
87.200.18.58 - - [16/Dec/2022:16:21:38 +0400] "GET /users_api/profile HTTP/1.1" 200 664 "https://envirol.abacitechs.com/" "Mozilla/5.0 (Windows NT 10.0; Win64; x64) AppleWebKit/537.36 (KHTML, like Gecko) Chrome/108.0.0.0 Safari/537.36"
87.200.18.58 - - [16/Dec/2022:16:21:39 +0400] "GET /favicon.ico HTTP/1.1" 200 389 "https://envirol.abacitechs.com/dashboard" "Mozilla/5.0 (Windows NT 10.0; Win64; x64) AppleWebKit/537.36 (KHTML, like Gecko) Chrome/108.0.0.0 Safari/537.36"
87.200.18.58 - - [16/Dec/2022:16:21:41 +0400] "GET /favicon.ico HTTP/1.1" 200 389 "https://envirol.abacitechs.com/rfidcard" "Mozilla/5.0 (Windows NT 10.0; Win64; x64) AppleWebKit/537.36 (KHTML, like Gecko) Chrome/108.0.0.0 Safari/537.36"
87.200.18.58 - - [16/Dec/2022:16:21:41 +0400] "GET /masters_api/rfid_card HTTP/1.1" 200 935 "https://envirol.abacitechs.com/rfidcard" "Mozilla/5.0 (Windows NT 10.0; Win64; x64) AppleWebKit/537.36 (KHTML, like Gecko) Chrome/108.0.0.0 Safari/537.36"
49.37.233.125 - - [16/Dec/2022:16:21:48 +0400] "GET / HTTP/1.1" 200 389 "-" "okhttp/4.9.2"
49.37.233.125 - - [16/Dec/2022:16:21:48 +0400] "GET /users_api/profile HTTP/1.1" 200 1996 "-" "okhttp/4.9.2"
49.37.233.125 - - [16/Dec/2022:16:21:49 +0400] "GET /gtcc_api/driver_service_request_details HTTP/1.1" 200 797 "-" "okhttp/4.9.2"
49.37.233.125 - - [16/Dec/2022:16:21:49 +0400] "GET /users_api/profile HTTP/1.1" 200 1996 "-" "okhttp/4.9.2"
87.200.18.58 - - [16/Dec/2022:16:21:56 +0400] "GET /gtcc_api/vehiclelist_operator HTTP/1.1" 200 2 "-" "okhttp/4.9.2"
87.200.18.58 - - [16/Dec/2022:16:21:56 +0400] "GET /users_api/profile HTTP/1.1" 200 694 "-" "okhttp/4.9.2"
87.200.18.58 - - [16/Dec/2022:16:21:59 +0400] "GET /gtcc_api/vehiclelist_operator HTTP/1.1" 200 2 "-" "okhttp/4.9.2"
87.200.18.58 - - [16/Dec/2022:16:21:59 +0400] "GET /users_api/profile HTTP/1.1" 200 694 "-" "okhttp/4.9.2"
87.200.18.58 - - [16/Dec/2022:16:22:00 +0400] "GET /gtcc_api/vehiclelist_operator HTTP/1.1" 200 2 "-" "okhttp/4.9.2"
87.200.18.58 - - [16/Dec/2022:16:22:00 +0400] "GET /users_api/profile HTTP/1.1" 200 694 "-" "okhttp/4.9.2"
87.200.18.58 - - [16/Dec/2022:16:22:02 +0400] "GET /gtcc_api/vehiclelist_operator HTTP/1.1" 200 2 "-" "okhttp/4.9.2"
87.200.18.58 - - [16/Dec/2022:16:22:02 +0400] "GET /users_api/profile HTTP/1.1" 200 694 "-" "okhttp/4.9.2"
49.37.233.125 - - [16/Dec/2022:16:22:08 +0400] "GET /users_api/profile HTTP/1.1" 401 40 "-" "okhttp/4.9.2"
49.37.233.125 - - [16/Dec/2022:16:22:08 +0400] "GET / HTTP/1.1" 200 389 "-" "okhttp/4.9.2"
87.200.18.58 - - [16/Dec/2022:16:22:10 +0400] "GET /gtcc_api/vehiclelist_operator HTTP/1.1" 200 2 "-" "okhttp/4.9.2"
87.200.18.58 - - [16/Dec/2022:16:22:10 +0400] "GET /users_api/profile HTTP/1.1" 200 694 "-" "okhttp/4.9.2"
87.200.18.58 - - [16/Dec/2022:16:22:15 +0400] "GET /gtcc_api/vehiclelist_operator HTTP/1.1" 200 2 "-" "okhttp/4.9.2"
87.200.18.58 - - [16/Dec/2022:16:22:15 +0400] "GET /users_api/profile HTTP/1.1" 200 694 "-" "okhttp/4.9.2"
87.200.18.58 - - [16/Dec/2022:16:22:18 +0400] "GET /gtcc_api/vehiclelist_operator HTTP/1.1" 200 2 "-" "okhttp/4.9.2"
87.200.18.58 - - [16/Dec/2022:16:22:18 +0400] "GET /users_api/profile HTTP/1.1" 200 694 "-" "okhttp/4.9.2"
49.37.233.125 - - [16/Dec/2022:16:22:25 +0400] "GET /users_api/profile HTTP/1.1" 200 1996 "-" "okhttp/4.9.2"
49.37.233.125 - - [16/Dec/2022:16:22:25 +0400] "GET /gtcc_api/driver_service_request_details HTTP/1.1" 200 797 "-" "okhttp/4.9.2"
87.200.18.58 - - [16/Dec/2022:16:22:35 +0400] "GET /favicon.ico HTTP/1.1" 200 389 "https://envirol.abacitechs.com/manageentity" "Mozilla/5.0 (Windows NT 10.0; Win64; x64) AppleWebKit/537.36 (KHTML, like Gecko) Chrome/108.0.0.0 Safari/537.36"
87.200.18.58 - - [16/Dec/2022:16:22:35 +0400] "GET /entity_api/entity?limit=5&offset=0&search= HTTP/1.1" 200 23210 "https://envirol.abacitechs.com/manageentity" "Mozilla/5.0 (Windows NT 10.0; Win64; x64) AppleWebKit/537.36 (KHTML, like Gecko) Chrome/108.0.0.0 Safari/537.36"
49.37.233.125 - - [16/Dec/2022:16:22:35 +0400] "GET /users_api/profile HTTP/1.1" 200 1996 "-" "okhttp/4.9.2"
49.37.233.125 - - [16/Dec/2022:16:22:35 +0400] "GET /gtcc_api/driver_service_request_details HTTP/1.1" 200 797 "-" "okhttp/4.9.2"
87.200.18.58 - - [16/Dec/2022:16:22:38 +0400] "GET /entity_api/entity?limit=5&offset=0&search=nabr HTTP/1.1" 200 12253 "https://envirol.abacitechs.com/manageentity" "Mozilla/5.0 (Windows NT 10.0; Win64; x64) AppleWebKit/537.36 (KHTML, like Gecko) Chrome/108.0.0.0 Safari/537.36"
87.200.18.58 - - [16/Dec/2022:16:22:41 +0400] "GET /entity_api/entity?limit=5&offset=0&search=nab HTTP/1.1" 200 24681 "https://envirol.abacitechs.com/manageentity" "Mozilla/5.0 (Windows NT 10.0; Win64; x64) AppleWebKit/537.36 (KHTML, like Gecko) Chrome/108.0.0.0 Safari/537.36"
49.37.233.125 - - [16/Dec/2022:16:22:56 +0400] "GET /gtcc_api/driver_service_request_details HTTP/1.1" 200 797 "-" "okhttp/4.9.2"
49.37.233.125 - - [16/Dec/2022:16:22:56 +0400] "GET /users_api/profile HTTP/1.1" 200 1996 "-" "okhttp/4.9.2"
49.37.233.125 - - [16/Dec/2022:16:22:58 +0400] "GET /users_api/profile HTTP/1.1" 200 1996 "-" "okhttp/4.9.2"
49.37.233.125 - - [16/Dec/2022:16:22:58 +0400] "GET /gtcc_api/service_request_grease_traps_for_mobile/260 HTTP/1.1" 200 3787 "-" "okhttp/4.9.2"
49.37.233.125 - - [16/Dec/2022:16:23:21 +0400] "GET /gtcc_api/driver_service_request_details HTTP/1.1" 200 797 "-" "okhttp/4.9.2"
49.37.233.125 - - [16/Dec/2022:16:23:21 +0400] "GET /users_api/profile HTTP/1.1" 200 1996 "-" "okhttp/4.9.2"
49.37.233.125 - - [16/Dec/2022:16:23:23 +0400] "GET /users_api/profile HTTP/1.1" 200 1996 "-" "okhttp/4.9.2"
49.37.233.125 - - [16/Dec/2022:16:23:23 +0400] "GET /gtcc_api/service_request_grease_traps_for_mobile/260 HTTP/1.1" 200 3787 "-" "okhttp/4.9.2"
49.37.233.125 - - [16/Dec/2022:16:23:26 +0400] "GET /users_api/profile HTTP/1.1" 200 1996 "-" "okhttp/4.9.2"
49.37.233.125 - - [16/Dec/2022:16:23:26 +0400] "GET /gtcc_api/driver_service_request_details HTTP/1.1" 200 797 "-" "okhttp/4.9.2"
49.37.233.125 - - [16/Dec/2022:16:23:28 +0400] "GET /users_api/profile HTTP/1.1" 200 1996 "-" "okhttp/4.9.2"
49.37.233.125 - - [16/Dec/2022:16:23:28 +0400] "POST /entity_api/entity_qrcode_scan HTTP/1.1" 200 4771 "-" "okhttp/4.9.2"
49.37.233.125 - - [16/Dec/2022:16:24:27 +0400] "GET /users_api/profile HTTP/1.1" 200 1996 "-" "okhttp/4.9.2"
49.37.233.125 - - [16/Dec/2022:16:24:28 +0400] "GET /users_api/profile HTTP/1.1" 200 1996 "-" "okhttp/4.9.2"
49.37.233.125 - - [16/Dec/2022:16:24:28 +0400] "GET /gtcc_api/driver_service_request_details HTTP/1.1" 200 797 "-" "okhttp/4.9.2"
49.37.233.125 - - [16/Dec/2022:16:24:31 +0400] "GET / HTTP/1.1" 200 389 "-" "okhttp/4.9.2"
49.37.233.125 - - [16/Dec/2022:16:24:34 +0400] "GET /users_api/profile HTTP/1.1" 200 1996 "-" "okhttp/4.9.2"
49.37.233.125 - - [16/Dec/2022:16:24:35 +0400] "GET /gtcc_api/driver_service_request_details HTTP/1.1" 200 797 "-" "okhttp/4.9.2"
49.37.233.125 - - [16/Dec/2022:16:26:20 +0400] "GET /users_api/profile HTTP/1.1" 200 1996 "-" "okhttp/4.9.2"
49.37.233.125 - - [16/Dec/2022:16:26:20 +0400] "GET /gtcc_api/driver_service_request_details HTTP/1.1" 200 797 "-" "okhttp/4.9.2"
49.37.233.125 - - [16/Dec/2022:16:26:45 +0400] "GET /users_api/profile HTTP/1.1" 200 1996 "-" "okhttp/4.9.2"
49.37.233.125 - - [16/Dec/2022:16:26:45 +0400] "POST /entity_api/entity_qrcode_scan HTTP/1.1" 200 4771 "-" "okhttp/4.9.2"
87.200.18.58 - - [16/Dec/2022:16:26:52 +0400] "POST /users_api/logout HTTP/1.1" 200 30 "-" "okhttp/4.9.2"
87.200.18.58 - - [16/Dec/2022:16:26:52 +0400] "GET /users_api/profile HTTP/1.1" 200 694 "-" "okhttp/4.9.2"
49.37.233.125 - - [16/Dec/2022:16:26:57 +0400] "GET /users_api/profile HTTP/1.1" 200 1996 "-" "okhttp/4.9.2"
49.37.233.125 - - [16/Dec/2022:16:26:57 +0400] "POST /entity_api/entity_qrcode_scan HTTP/1.1" 200 1623 "-" "okhttp/4.9.2"
49.37.233.125 - - [16/Dec/2022:16:26:58 +0400] "GET /users_api/profile HTTP/1.1" 200 1996 "-" "okhttp/4.9.2"
49.37.233.125 - - [16/Dec/2022:16:26:58 +0400] "GET /gtcc_api/service_request_grease_traps_for_mobile/260 HTTP/1.1" 200 3940 "-" "okhttp/4.9.2"
87.200.18.58 - - [16/Dec/2022:16:27:16 +0400] "GET /servicerequest HTTP/1.1" 200 389 "-" "Mozilla/5.0 (Windows NT 10.0; Win64; x64) AppleWebKit/537.36 (KHTML, like Gecko) Chrome/108.0.0.0 Safari/537.36"
87.200.18.58 - - [16/Dec/2022:16:27:17 +0400] "GET /users_api/profile HTTP/1.1" 200 775 "https://envirol.abacitechs.com/servicerequest" "Mozilla/5.0 (Windows NT 10.0; Win64; x64) AppleWebKit/537.36 (KHTML, like Gecko) Chrome/108.0.0.0 Safari/537.36"
87.200.18.58 - - [16/Dec/2022:16:27:17 +0400] "GET /favicon.ico HTTP/1.1" 200 389 "https://envirol.abacitechs.com/servicerequest" "Mozilla/5.0 (Windows NT 10.0; Win64; x64) AppleWebKit/537.36 (KHTML, like Gecko) Chrome/108.0.0.0 Safari/537.36"
87.200.18.58 - - [16/Dec/2022:16:27:18 +0400] "GET /gtcc_api/gtcc_service_request_detail/1 HTTP/1.1" 200 109346 "https://envirol.abacitechs.com/servicerequest" "Mozilla/5.0 (Windows NT 10.0; Win64; x64) AppleWebKit/537.36 (KHTML, like Gecko) Chrome/108.0.0.0 Safari/537.36"
87.200.18.58 - - [16/Dec/2022:16:28:19 +0400] "POST /users_api/login HTTP/1.1" 200 845 "-" "okhttp/4.9.2"
87.200.18.58 - - [16/Dec/2022:16:28:19 +0400] "GET /users_api/profile HTTP/1.1" 200 694 "-" "okhttp/4.9.2"
87.200.18.58 - - [16/Dec/2022:16:28:19 +0400] "GET /gtcc_api/vehiclelist_operator HTTP/1.1" 200 2 "-" "okhttp/4.9.2"
87.200.18.58 - - [16/Dec/2022:16:28:19 +0400] "GET /users_api/profile HTTP/1.1" 200 694 "-" "okhttp/4.9.2"
87.200.18.58 - - [16/Dec/2022:16:28:20 +0400] "GET /gtcc_api/vehiclelist_operator HTTP/1.1" 200 2 "-" "okhttp/4.9.2"
87.200.18.58 - - [16/Dec/2022:16:28:20 +0400] "GET /gtcc_api/vehiclelist_operator HTTP/1.1" 200 2 "-" "okhttp/4.9.2"
87.200.18.58 - - [16/Dec/2022:16:28:20 +0400] "GET /users_api/profile HTTP/1.1" 200 694 "-" "okhttp/4.9.2"
49.37.233.125 - - [16/Dec/2022:16:28:25 +0400] "POST /gtcc_api/update_service_request_grease_trap_details HTTP/1.1" 200 4136 "-" "okhttp/4.9.2"
49.37.233.125 - - [16/Dec/2022:16:28:25 +0400] "GET /gtcc_api/service_request_grease_traps_for_mobile/260 HTTP/1.1" 200 4136 "-" "okhttp/4.9.2"
49.37.233.125 - - [16/Dec/2022:16:28:26 +0400] "GET /users_api/profile HTTP/1.1" 200 1996 "-" "okhttp/4.9.2"
49.37.233.125 - - [16/Dec/2022:16:28:27 +0400] "GET /media/service_request/0_after_1671193702538d.jpg HTTP/1.1" 200 393677 "-" "okhttp/4.9.2"
49.37.233.125 - - [16/Dec/2022:16:28:57 +0400] "POST /gtcc_api/update_service_request_grease_trap_details HTTP/1.1" 200 4319 "-" "okhttp/4.9.2"
49.37.233.125 - - [16/Dec/2022:16:28:58 +0400] "GET /users_api/profile HTTP/1.1" 200 1996 "-" "okhttp/4.9.2"
49.37.233.125 - - [16/Dec/2022:16:28:59 +0400] "GET /gtcc_api/service_request_grease_traps_for_mobile/260 HTTP/1.1" 200 4319 "-" "okhttp/4.9.2"
49.37.233.125 - - [16/Dec/2022:16:29:00 +0400] "GET /media/service_request/0_after_16711937351762.jpg HTTP/1.1" 200 405740 "-" "okhttp/4.9.2"
49.37.233.125 - - [16/Dec/2022:16:29:05 +0400] "POST /gtcc_api/update_service_request HTTP/1.1" 200 827 "-" "okhttp/4.9.2"
49.37.233.125 - - [16/Dec/2022:16:29:05 +0400] "GET /users_api/profile HTTP/1.1" 200 1996 "-" "okhttp/4.9.2"
49.37.233.125 - - [16/Dec/2022:16:29:06 +0400] "GET /users_api/profile HTTP/1.1" 200 1996 "-" "okhttp/4.9.2"
49.37.233.125 - - [16/Dec/2022:16:29:06 +0400] "GET /gtcc_api/driver_service_request_details HTTP/1.1" 200 827 "-" "okhttp/4.9.2"
49.37.233.125 - - [16/Dec/2022:16:29:07 +0400] "GET /gtcc_api/driver_service_request_details HTTP/1.1" 200 827 "-" "okhttp/4.9.2"
49.37.233.125 - - [16/Dec/2022:16:29:07 +0400] "GET /users_api/profile HTTP/1.1" 200 1996 "-" "okhttp/4.9.2"
54.86.50.139 - - [16/Dec/2022:16:30:15 +0400] "POST //gtcc_api/rfid_detection_for_vehicle HTTP/1.1" 403 779 "-" "PostmanRuntime/7.30.0"
54.86.50.139 - - [16/Dec/2022:16:30:56 +0400] "POST /gtcc_api/rfid_detection_for_vehicle HTTP/1.1" 401 40 "-" "PostmanRuntime/7.30.0"
94.205.143.186 - - [16/Dec/2022:16:34:52 +0400] "POST /gtcc_api/rfid_detection_for_vehicle HTTP/1.1" 404 24 "-" "ESP32 HTTP Client/1.0"
94.205.143.186 - - [16/Dec/2022:16:35:00 +0400] "POST /gtcc_api/rfid_detection_for_vehicle HTTP/1.1" 404 24 "-" "ESP32 HTTP Client/1.0"
94.205.143.186 - - [16/Dec/2022:16:35:07 +0400] "POST /gtcc_api/rfid_detection_for_vehicle HTTP/1.1" 404 24 "-" "ESP32 HTTP Client/1.0"
94.205.143.186 - - [16/Dec/2022:16:35:14 +0400] "POST /gtcc_api/rfid_detection_for_vehicle HTTP/1.1" 404 24 "-" "ESP32 HTTP Client/1.0"
94.205.143.186 - - [16/Dec/2022:16:35:22 +0400] "POST /gtcc_api/rfid_detection_for_vehicle HTTP/1.1" 404 24 "-" "ESP32 HTTP Client/1.0"
54.86.50.139 - - [16/Dec/2022:16:35:23 +0400] "POST /gtcc_api/rfid_detection_for_vehicle HTTP/1.1" 401 40 "-" "PostmanRuntime/7.30.0"
94.205.143.186 - - [16/Dec/2022:16:35:29 +0400] "POST /gtcc_api/rfid_detection_for_vehicle HTTP/1.1" 404 24 "-" "ESP32 HTTP Client/1.0"
94.205.143.186 - - [16/Dec/2022:16:35:36 +0400] "POST /gtcc_api/rfid_detection_for_vehicle HTTP/1.1" 404 24 "-" "ESP32 HTTP Client/1.0"
94.205.143.186 - - [16/Dec/2022:16:35:42 +0400] "POST /gtcc_api/rfid_detection_for_vehicle HTTP/1.1" 404 24 "-" "ESP32 HTTP Client/1.0"
94.205.143.186 - - [16/Dec/2022:16:35:46 +0400] "POST /gtcc_api/rfid_detection_for_vehicle HTTP/1.1" 404 24 "-" "ESP32 HTTP Client/1.0"
94.205.143.186 - - [16/Dec/2022:16:35:51 +0400] "POST /gtcc_api/rfid_detection_for_vehicle HTTP/1.1" 404 24 "-" "ESP32 HTTP Client/1.0"
94.205.143.186 - - [16/Dec/2022:16:35:57 +0400] "POST /gtcc_api/rfid_detection_for_vehicle HTTP/1.1" 404 24 "-" "ESP32 HTTP Client/1.0"
94.205.143.186 - - [16/Dec/2022:16:36:06 +0400] "POST /gtcc_api/rfid_detection_for_vehicle HTTP/1.1" 404 24 "-" "ESP32 HTTP Client/1.0"
54.86.50.139 - - [16/Dec/2022:16:36:07 +0400] "POST /gtcc_api/rfid_detection_for_vehicle HTTP/1.1" 404 43 "-" "PostmanRuntime/7.30.0"
94.205.143.186 - - [16/Dec/2022:16:36:11 +0400] "POST /gtcc_api/rfid_detection_for_vehicle HTTP/1.1" 404 24 "-" "ESP32 HTTP Client/1.0"
94.205.143.186 - - [16/Dec/2022:16:36:15 +0400] "POST /gtcc_api/rfid_detection_for_vehicle HTTP/1.1" 404 24 "-" "ESP32 HTTP Client/1.0"
87.200.18.58 - - [16/Dec/2022:16:36:21 +0400] "GET /gtcc_api/vehiclelist_operator HTTP/1.1" 200 2 "-" "okhttp/4.9.2"
87.200.18.58 - - [16/Dec/2022:16:36:21 +0400] "GET /users_api/profile HTTP/1.1" 200 694 "-" "okhttp/4.9.2"
87.200.18.58 - - [16/Dec/2022:16:36:22 +0400] "GET /gtcc_api/vehiclelist_operator HTTP/1.1" 200 2 "-" "okhttp/4.9.2"
87.200.18.58 - - [16/Dec/2022:16:36:22 +0400] "GET /users_api/profile HTTP/1.1" 200 694 "-" "okhttp/4.9.2"
94.205.143.186 - - [16/Dec/2022:16:36:33 +0400] "POST /gtcc_api/rfid_detection_for_vehicle HTTP/1.1" 404 24 "-" "ESP32 HTTP Client/1.0"
94.205.143.186 - - [16/Dec/2022:16:36:37 +0400] "POST /gtcc_api/rfid_detection_for_vehicle HTTP/1.1" 404 24 "-" "ESP32 HTTP Client/1.0"
94.205.143.186 - - [16/Dec/2022:16:36:42 +0400] "POST /gtcc_api/rfid_detection_for_vehicle HTTP/1.1" 404 24 "-" "ESP32 HTTP Client/1.0"
94.205.143.186 - - [16/Dec/2022:16:36:46 +0400] "POST /gtcc_api/rfid_detection_for_vehicle HTTP/1.1" 404 24 "-" "ESP32 HTTP Client/1.0"
94.205.143.186 - - [16/Dec/2022:16:36:50 +0400] "POST /gtcc_api/rfid_detection_for_vehicle HTTP/1.1" 404 24 "-" "ESP32 HTTP Client/1.0"
87.200.18.58 - - [16/Dec/2022:16:36:55 +0400] "GET /favicon.ico HTTP/1.1" 200 389 "https://envirol.abacitechs.com/rfidcard" "Mozilla/5.0 (Windows NT 10.0; Win64; x64) AppleWebKit/537.36 (KHTML, like Gecko) Chrome/108.0.0.0 Safari/537.36"
87.200.18.58 - - [16/Dec/2022:16:36:55 +0400] "GET /masters_api/rfid_card HTTP/1.1" 200 935 "https://envirol.abacitechs.com/rfidcard" "Mozilla/5.0 (Windows NT 10.0; Win64; x64) AppleWebKit/537.36 (KHTML, like Gecko) Chrome/108.0.0.0 Safari/537.36"
94.205.143.186 - - [16/Dec/2022:16:36:55 +0400] "POST /gtcc_api/rfid_detection_for_vehicle HTTP/1.1" 404 24 "-" "ESP32 HTTP Client/1.0"
94.205.143.186 - - [16/Dec/2022:16:36:59 +0400] "POST /gtcc_api/rfid_detection_for_vehicle HTTP/1.1" 404 24 "-" "ESP32 HTTP Client/1.0"
94.205.143.186 - - [16/Dec/2022:16:37:04 +0400] "POST /gtcc_api/rfid_detection_for_vehicle HTTP/1.1" 404 24 "-" "ESP32 HTTP Client/1.0"
54.86.50.139 - - [16/Dec/2022:16:37:07 +0400] "POST /gtcc_api/rfid_detection_for_vehicle HTTP/1.1" 500 145 "-" "PostmanRuntime/7.30.0"
94.205.143.186 - - [16/Dec/2022:16:37:08 +0400] "POST /gtcc_api/rfid_detection_for_vehicle HTTP/1.1" 404 24 "-" "ESP32 HTTP Client/1.0"
94.205.143.186 - - [16/Dec/2022:16:37:13 +0400] "POST /gtcc_api/rfid_detection_for_vehicle HTTP/1.1" 404 24 "-" "ESP32 HTTP Client/1.0"
94.205.143.186 - - [16/Dec/2022:16:37:17 +0400] "POST /gtcc_api/rfid_detection_for_vehicle HTTP/1.1" 404 24 "-" "ESP32 HTTP Client/1.0"
94.205.143.186 - - [16/Dec/2022:16:37:21 +0400] "POST /gtcc_api/rfid_detection_for_vehicle HTTP/1.1" 404 24 "-" "ESP32 HTTP Client/1.0"
94.205.143.186 - - [16/Dec/2022:16:37:26 +0400] "POST /gtcc_api/rfid_detection_for_vehicle HTTP/1.1" 404 24 "-" "ESP32 HTTP Client/1.0"
54.86.50.139 - - [16/Dec/2022:16:37:26 +0400] "POST /gtcc_api/rfid_detection_for_vehicle HTTP/1.1" 500 145 "-" "PostmanRuntime/7.30.0"
94.205.143.186 - - [16/Dec/2022:16:37:30 +0400] "POST /gtcc_api/rfid_detection_for_vehicle HTTP/1.1" 404 24 "-" "ESP32 HTTP Client/1.0"
94.205.143.186 - - [16/Dec/2022:16:37:34 +0400] "POST /gtcc_api/rfid_detection_for_vehicle HTTP/1.1" 404 24 "-" "ESP32 HTTP Client/1.0"
94.205.143.186 - - [16/Dec/2022:16:37:38 +0400] "POST /gtcc_api/rfid_detection_for_vehicle HTTP/1.1" 404 24 "-" "ESP32 HTTP Client/1.0"
94.205.143.186 - - [16/Dec/2022:16:37:43 +0400] "POST /gtcc_api/rfid_detection_for_vehicle HTTP/1.1" 404 24 "-" "ESP32 HTTP Client/1.0"
94.205.143.186 - - [16/Dec/2022:16:37:47 +0400] "POST /gtcc_api/rfid_detection_for_vehicle HTTP/1.1" 404 24 "-" "ESP32 HTTP Client/1.0"
94.205.143.186 - - [16/Dec/2022:16:37:51 +0400] "POST /gtcc_api/rfid_detection_for_vehicle HTTP/1.1" 404 24 "-" "ESP32 HTTP Client/1.0"
94.205.143.186 - - [16/Dec/2022:16:37:56 +0400] "POST /gtcc_api/rfid_detection_for_vehicle HTTP/1.1" 404 24 "-" "ESP32 HTTP Client/1.0"
94.205.143.186 - - [16/Dec/2022:16:38:00 +0400] "POST /gtcc_api/rfid_detection_for_vehicle HTTP/1.1" 404 24 "-" "ESP32 HTTP Client/1.0"
94.205.143.186 - - [16/Dec/2022:16:39:27 +0400] "POST /gtcc_api/rfid_detection_for_vehicle HTTP/1.1" 404 24 "-" "ESP32 HTTP Client/1.0"
94.205.143.186 - - [16/Dec/2022:16:39:34 +0400] "POST /gtcc_api/rfid_detection_for_vehicle HTTP/1.1" 404 24 "-" "ESP32 HTTP Client/1.0"
94.205.143.186 - - [16/Dec/2022:16:39:41 +0400] "POST /gtcc_api/rfid_detection_for_vehicle HTTP/1.1" 404 24 "-" "ESP32 HTTP Client/1.0"
94.205.143.186 - - [16/Dec/2022:16:39:48 +0400] "POST /gtcc_api/rfid_detection_for_vehicle HTTP/1.1" 404 24 "-" "ESP32 HTTP Client/1.0"
94.205.143.186 - - [16/Dec/2022:16:39:56 +0400] "POST /gtcc_api/rfid_detection_for_vehicle HTTP/1.1" 404 24 "-" "ESP32 HTTP Client/1.0"
94.205.143.186 - - [16/Dec/2022:16:40:02 +0400] "POST /gtcc_api/rfid_detection_for_vehicle HTTP/1.1" 404 24 "-" "ESP32 HTTP Client/1.0"
94.205.143.186 - - [16/Dec/2022:16:40:06 +0400] "POST /gtcc_api/rfid_detection_for_vehicle HTTP/1.1" 404 24 "-" "ESP32 HTTP Client/1.0"
94.205.143.186 - - [16/Dec/2022:16:40:11 +0400] "POST /gtcc_api/rfid_detection_for_vehicle HTTP/1.1" 404 24 "-" "ESP32 HTTP Client/1.0"
94.205.143.186 - - [16/Dec/2022:16:40:15 +0400] "POST /gtcc_api/rfid_detection_for_vehicle HTTP/1.1" 404 24 "-" "ESP32 HTTP Client/1.0"
94.205.143.186 - - [16/Dec/2022:16:40:20 +0400] "POST /gtcc_api/rfid_detection_for_vehicle HTTP/1.1" 404 24 "-" "ESP32 HTTP Client/1.0"
94.205.143.186 - - [16/Dec/2022:16:40:24 +0400] "POST /gtcc_api/rfid_detection_for_vehicle HTTP/1.1" 404 24 "-" "ESP32 HTTP Client/1.0"
94.205.143.186 - - [16/Dec/2022:16:40:28 +0400] "POST /gtcc_api/rfid_detection_for_vehicle HTTP/1.1" 404 24 "-" "ESP32 HTTP Client/1.0"
94.205.143.186 - - [16/Dec/2022:16:40:33 +0400] "POST /gtcc_api/rfid_detection_for_vehicle HTTP/1.1" 404 24 "-" "ESP32 HTTP Client/1.0"
94.205.143.186 - - [16/Dec/2022:16:40:37 +0400] "POST /gtcc_api/rfid_detection_for_vehicle HTTP/1.1" 404 24 "-" "ESP32 HTTP Client/1.0"
94.205.143.186 - - [16/Dec/2022:16:40:41 +0400] "POST /gtcc_api/rfid_detection_for_vehicle HTTP/1.1" 404 24 "-" "ESP32 HTTP Client/1.0"
94.205.143.186 - - [16/Dec/2022:16:40:46 +0400] "POST /gtcc_api/rfid_detection_for_vehicle HTTP/1.1" 404 24 "-" "ESP32 HTTP Client/1.0"
94.205.143.186 - - [16/Dec/2022:16:40:50 +0400] "POST /gtcc_api/rfid_detection_for_vehicle HTTP/1.1" 404 24 "-" "ESP32 HTTP Client/1.0"
94.205.143.186 - - [16/Dec/2022:16:40:54 +0400] "POST /gtcc_api/rfid_detection_for_vehicle HTTP/1.1" 404 24 "-" "ESP32 HTTP Client/1.0"
94.205.143.186 - - [16/Dec/2022:16:40:59 +0400] "POST /gtcc_api/rfid_detection_for_vehicle HTTP/1.1" 404 24 "-" "ESP32 HTTP Client/1.0"
94.205.143.186 - - [16/Dec/2022:16:41:03 +0400] "POST /gtcc_api/rfid_detection_for_vehicle HTTP/1.1" 404 24 "-" "ESP32 HTTP Client/1.0"
54.86.50.139 - - [16/Dec/2022:16:41:06 +0400] "POST /gtcc_api/rfid_detection_for_vehicle HTTP/1.1" 404 24 "-" "PostmanRuntime/7.30.0"
94.205.143.186 - - [16/Dec/2022:16:41:07 +0400] "POST /gtcc_api/rfid_detection_for_vehicle HTTP/1.1" 404 24 "-" "ESP32 HTTP Client/1.0"
94.205.143.186 - - [16/Dec/2022:16:41:11 +0400] "POST /gtcc_api/rfid_detection_for_vehicle HTTP/1.1" 404 24 "-" "ESP32 HTTP Client/1.0"
54.86.50.139 - - [16/Dec/2022:16:41:13 +0400] "POST /gtcc_api/rfid_detection_for_vehicle HTTP/1.1" 500 145 "-" "PostmanRuntime/7.30.0"
94.205.143.186 - - [16/Dec/2022:16:41:16 +0400] "POST /gtcc_api/rfid_detection_for_vehicle HTTP/1.1" 404 24 "-" "ESP32 HTTP Client/1.0"
94.205.143.186 - - [16/Dec/2022:16:41:20 +0400] "POST /gtcc_api/rfid_detection_for_vehicle HTTP/1.1" 404 24 "-" "ESP32 HTTP Client/1.0"
94.205.143.186 - - [16/Dec/2022:16:41:24 +0400] "POST /gtcc_api/rfid_detection_for_vehicle HTTP/1.1" 404 24 "-" "ESP32 HTTP Client/1.0"
94.205.143.186 - - [16/Dec/2022:16:41:29 +0400] "POST /gtcc_api/rfid_detection_for_vehicle HTTP/1.1" 404 24 "-" "ESP32 HTTP Client/1.0"
94.205.143.186 - - [16/Dec/2022:16:41:33 +0400] "POST /gtcc_api/rfid_detection_for_vehicle HTTP/1.1" 404 24 "-" "ESP32 HTTP Client/1.0"
94.205.143.186 - - [16/Dec/2022:16:41:38 +0400] "POST /gtcc_api/rfid_detection_for_vehicle HTTP/1.1" 404 24 "-" "ESP32 HTTP Client/1.0"
94.205.143.186 - - [16/Dec/2022:16:41:42 +0400] "POST /gtcc_api/rfid_detection_for_vehicle HTTP/1.1" 404 24 "-" "ESP32 HTTP Client/1.0"
94.205.143.186 - - [16/Dec/2022:16:41:46 +0400] "POST /gtcc_api/rfid_detection_for_vehicle HTTP/1.1" 404 24 "-" "ESP32 HTTP Client/1.0"
87.200.18.58 - - [16/Dec/2022:16:41:49 +0400] "GET /favicon.ico HTTP/1.1" 200 389 "https://envirol.abacitechs.com/dashboard" "Mozilla/5.0 (Windows NT 10.0; Win64; x64) AppleWebKit/537.36 (KHTML, like Gecko) Chrome/108.0.0.0 Safari/537.36"
87.200.18.58 - - [16/Dec/2022:16:41:49 +0400] "GET /favicon.ico HTTP/1.1" 200 389 "https://envirol.abacitechs.com/gateoperator" "Mozilla/5.0 (Windows NT 10.0; Win64; x64) AppleWebKit/537.36 (KHTML, like Gecko) Chrome/108.0.0.0 Safari/537.36"
87.200.18.58 - - [16/Dec/2022:16:41:49 +0400] "GET /users_api/gate_operator HTTP/1.1" 200 3364 "https://envirol.abacitechs.com/gateoperator" "Mozilla/5.0 (Windows NT 10.0; Win64; x64) AppleWebKit/537.36 (KHTML, like Gecko) Chrome/108.0.0.0 Safari/537.36"
94.205.143.186 - - [16/Dec/2022:16:41:50 +0400] "POST /gtcc_api/rfid_detection_for_vehicle HTTP/1.1" 404 24 "-" "ESP32 HTTP Client/1.0"
94.205.143.186 - - [16/Dec/2022:16:41:55 +0400] "POST /gtcc_api/rfid_detection_for_vehicle HTTP/1.1" 404 24 "-" "ESP32 HTTP Client/1.0"
94.205.143.186 - - [16/Dec/2022:16:41:59 +0400] "POST /gtcc_api/rfid_detection_for_vehicle HTTP/1.1" 404 24 "-" "ESP32 HTTP Client/1.0"
94.205.143.186 - - [16/Dec/2022:16:42:03 +0400] "POST /gtcc_api/rfid_detection_for_vehicle HTTP/1.1" 404 24 "-" "ESP32 HTTP Client/1.0"
87.200.18.58 - - [16/Dec/2022:16:42:05 +0400] "GET /vehicleentrytemp HTTP/1.1" 200 389 "-" "Mozilla/5.0 (Windows NT 10.0; Win64; x64) AppleWebKit/537.36 (KHTML, like Gecko) Chrome/108.0.0.0 Safari/537.36"
87.200.18.58 - - [16/Dec/2022:16:42:05 +0400] "GET /static/js/main.69e5dfcc.js HTTP/1.1" 304 0 "https://envirol.abacitechs.com/vehicleentrytemp" "Mozilla/5.0 (Windows NT 10.0; Win64; x64) AppleWebKit/537.36 (KHTML, like Gecko) Chrome/108.0.0.0 Safari/537.36"
87.200.18.58 - - [16/Dec/2022:16:42:05 +0400] "GET /static/css/main.dcbfb6f8.css HTTP/1.1" 304 0 "https://envirol.abacitechs.com/vehicleentrytemp" "Mozilla/5.0 (Windows NT 10.0; Win64; x64) AppleWebKit/537.36 (KHTML, like Gecko) Chrome/108.0.0.0 Safari/537.36"
87.200.18.58 - - [16/Dec/2022:16:42:05 +0400] "GET /favicon.ico HTTP/1.1" 200 389 "https://envirol.abacitechs.com/vehicleentrytemp" "Mozilla/5.0 (Windows NT 10.0; Win64; x64) AppleWebKit/537.36 (KHTML, like Gecko) Chrome/108.0.0.0 Safari/537.36"
87.200.18.58 - - [16/Dec/2022:16:42:05 +0400] "GET /users_api/profile HTTP/1.1" 200 664 "https://envirol.abacitechs.com/vehicleentrytemp" "Mozilla/5.0 (Windows NT 10.0; Win64; x64) AppleWebKit/537.36 (KHTML, like Gecko) Chrome/108.0.0.0 Safari/537.36"
87.200.18.58 - - [16/Dec/2022:16:42:06 +0400] "GET /static/media/inter-medium.5b53c519b3184a74a98c.woff2 HTTP/1.1" 304 0 "https://envirol.abacitechs.com/static/css/main.dcbfb6f8.css" "Mozilla/5.0 (Windows NT 10.0; Win64; x64) AppleWebKit/537.36 (KHTML, like Gecko) Chrome/108.0.0.0 Safari/537.36"
87.200.18.58 - - [16/Dec/2022:16:42:06 +0400] "GET /static/media/materialdesignicons-webfont.e9db4005489e24809b62.woff2 HTTP/1.1" 304 0 "https://envirol.abacitechs.com/static/css/main.dcbfb6f8.css" "Mozilla/5.0 (Windows NT 10.0; Win64; x64) AppleWebKit/537.36 (KHTML, like Gecko) Chrome/108.0.0.0 Safari/537.36"
87.200.18.58 - - [16/Dec/2022:16:42:06 +0400] "GET /manifest.json HTTP/1.1" 200 389 "https://envirol.abacitechs.com/vehicleentrytemp" "Mozilla/5.0 (Windows NT 10.0; Win64; x64) AppleWebKit/537.36 (KHTML, like Gecko) Chrome/108.0.0.0 Safari/537.36"
87.200.18.58 - - [16/Dec/2022:16:42:06 +0400] "GET /static/media/remixicon.f45d28a142788d05eb6a.woff2 HTTP/1.1" 304 0 "https://envirol.abacitechs.com/static/css/main.dcbfb6f8.css" "Mozilla/5.0 (Windows NT 10.0; Win64; x64) AppleWebKit/537.36 (KHTML, like Gecko) Chrome/108.0.0.0 Safari/537.36"
87.200.18.58 - - [16/Dec/2022:16:42:12 +0400] "GET /gtcc_api/gtcc?limit=5&offset=0&search= HTTP/1.1" 200 4069 "https://envirol.abacitechs.com/managegtcc" "Mozilla/5.0 (Windows NT 10.0; Win64; x64) AppleWebKit/537.36 (KHTML, like Gecko) Chrome/108.0.0.0 Safari/537.36"
87.200.18.58 - - [16/Dec/2022:16:42:12 +0400] "GET /favicon.ico HTTP/1.1" 200 389 "https://envirol.abacitechs.com/managegtcc" "Mozilla/5.0 (Windows NT 10.0; Win64; x64) AppleWebKit/537.36 (KHTML, like Gecko) Chrome/108.0.0.0 Safari/537.36"
87.200.18.58 - - [16/Dec/2022:16:42:17 +0400] "GET /gtcc_api/gtcc?limit=5&offset=0&search=blu HTTP/1.1" 200 2442 "https://envirol.abacitechs.com/managegtcc" "Mozilla/5.0 (Windows NT 10.0; Win64; x64) AppleWebKit/537.36 (KHTML, like Gecko) Chrome/108.0.0.0 Safari/537.36"
87.200.18.58 - - [16/Dec/2022:16:42:29 +0400] "GET /servicerequest HTTP/1.1" 200 389 "-" "Mozilla/5.0 (Windows NT 10.0; Win64; x64) AppleWebKit/537.36 (KHTML, like Gecko) Chrome/108.0.0.0 Safari/537.36"
87.200.18.58 - - [16/Dec/2022:16:42:29 +0400] "GET /users_api/profile HTTP/1.1" 200 775 "https://envirol.abacitechs.com/servicerequest" "Mozilla/5.0 (Windows NT 10.0; Win64; x64) AppleWebKit/537.36 (KHTML, like Gecko) Chrome/108.0.0.0 Safari/537.36"
87.200.18.58 - - [16/Dec/2022:16:42:30 +0400] "GET /favicon.ico HTTP/1.1" 200 389 "https://envirol.abacitechs.com/servicerequest" "Mozilla/5.0 (Windows NT 10.0; Win64; x64) AppleWebKit/537.36 (KHTML, like Gecko) Chrome/108.0.0.0 Safari/537.36"
87.200.18.58 - - [16/Dec/2022:16:42:31 +0400] "GET /gtcc_api/gtcc_service_request_detail/1 HTTP/1.1" 200 109375 "https://envirol.abacitechs.com/servicerequest" "Mozilla/5.0 (Windows NT 10.0; Win64; x64) AppleWebKit/537.36 (KHTML, like Gecko) Chrome/108.0.0.0 Safari/537.36"
87.200.18.58 - - [16/Dec/2022:16:42:41 +0400] "GET /gtcc_api/service_request_grease_traps/260 HTTP/1.1" 200 1997 "https://envirol.abacitechs.com/servicerequest" "Mozilla/5.0 (Windows NT 10.0; Win64; x64) AppleWebKit/537.36 (KHTML, like Gecko) Chrome/108.0.0.0 Safari/537.36"
87.200.18.58 - - [16/Dec/2022:16:42:41 +0400] "GET /media/service_request/0_before_16711937025376.jpg HTTP/1.1" 200 384945 "https://envirol.abacitechs.com/servicerequest" "Mozilla/5.0 (Windows NT 10.0; Win64; x64) AppleWebKit/537.36 (KHTML, like Gecko) Chrome/108.0.0.0 Safari/537.36"
87.200.18.58 - - [16/Dec/2022:16:42:42 +0400] "GET /media/service_request/0_after_1671193702538d.jpg HTTP/1.1" 200 393677 "https://envirol.abacitechs.com/servicerequest" "Mozilla/5.0 (Windows NT 10.0; Win64; x64) AppleWebKit/537.36 (KHTML, like Gecko) Chrome/108.0.0.0 Safari/537.36"
87.200.18.58 - - [16/Dec/2022:16:42:42 +0400] "GET /media/service_request/0_after_16711937351762.jpg HTTP/1.1" 200 405740 "https://envirol.abacitechs.com/servicerequest" "Mozilla/5.0 (Windows NT 10.0; Win64; x64) AppleWebKit/537.36 (KHTML, like Gecko) Chrome/108.0.0.0 Safari/537.36"
87.200.18.58 - - [16/Dec/2022:16:42:43 +0400] "GET /media/service_request/0_before_1671193735176b.jpg HTTP/1.1" 200 451847 "https://envirol.abacitechs.com/servicerequest" "Mozilla/5.0 (Windows NT 10.0; Win64; x64) AppleWebKit/537.36 (KHTML, like Gecko) Chrome/108.0.0.0 Safari/537.36"
87.200.18.58 - - [16/Dec/2022:16:42:55 +0400] "GET /favicon.ico HTTP/1.1" 200 389 "https://envirol.abacitechs.com/gttcdetails/1" "Mozilla/5.0 (Windows NT 10.0; Win64; x64) AppleWebKit/537.36 (KHTML, like Gecko) Chrome/108.0.0.0 Safari/537.36"
87.200.18.58 - - [16/Dec/2022:16:42:55 +0400] "GET /gtcc_api/gtcc/1 HTTP/1.1" 200 12883 "https://envirol.abacitechs.com/gttcdetails/1" "Mozilla/5.0 (Windows NT 10.0; Win64; x64) AppleWebKit/537.36 (KHTML, like Gecko) Chrome/108.0.0.0 Safari/537.36"
87.200.18.58 - - [16/Dec/2022:16:43:02 +0400] "GET /rfidcard HTTP/1.1" 200 389 "https://envirol.abacitechs.com/gttcdetails/1" "Mozilla/5.0 (Windows NT 10.0; Win64; x64) AppleWebKit/537.36 (KHTML, like Gecko) Chrome/108.0.0.0 Safari/537.36"
87.200.18.58 - - [16/Dec/2022:16:43:03 +0400] "GET /users_api/profile HTTP/1.1" 200 664 "https://envirol.abacitechs.com/rfidcard" "Mozilla/5.0 (Windows NT 10.0; Win64; x64) AppleWebKit/537.36 (KHTML, like Gecko) Chrome/108.0.0.0 Safari/537.36"
87.200.18.58 - - [16/Dec/2022:16:43:03 +0400] "GET /favicon.ico HTTP/1.1" 200 389 "https://envirol.abacitechs.com/rfidcard" "Mozilla/5.0 (Windows NT 10.0; Win64; x64) AppleWebKit/537.36 (KHTML, like Gecko) Chrome/108.0.0.0 Safari/537.36"
87.200.18.58 - - [16/Dec/2022:16:43:03 +0400] "GET /manifest.json HTTP/1.1" 200 389 "https://envirol.abacitechs.com/rfidcard" "Mozilla/5.0 (Windows NT 10.0; Win64; x64) AppleWebKit/537.36 (KHTML, like Gecko) Chrome/108.0.0.0 Safari/537.36"
87.200.18.58 - - [16/Dec/2022:16:43:03 +0400] "GET /masters_api/rfid_card HTTP/1.1" 200 935 "https://envirol.abacitechs.com/rfidcard" "Mozilla/5.0 (Windows NT 10.0; Win64; x64) AppleWebKit/537.36 (KHTML, like Gecko) Chrome/108.0.0.0 Safari/537.36"
87.200.18.58 - - [16/Dec/2022:16:43:20 +0400] "GET /gtcc_api/gtcc_and_drivers HTTP/1.1" 200 19875 "https://envirol.abacitechs.com/rfidcard" "Mozilla/5.0 (Windows NT 10.0; Win64; x64) AppleWebKit/537.36 (KHTML, like Gecko) Chrome/108.0.0.0 Safari/537.36"
87.200.18.58 - - [16/Dec/2022:16:43:56 +0400] "PATCH /masters_api/rfid_card/5 HTTP/1.1" 200 210 "https://envirol.abacitechs.com/rfidcard" "Mozilla/5.0 (Windows NT 10.0; Win64; x64) AppleWebKit/537.36 (KHTML, like Gecko) Chrome/108.0.0.0 Safari/537.36"
54.86.50.139 - - [16/Dec/2022:16:44:09 +0400] "POST /gtcc_api/rfid_detection_for_vehicle HTTP/1.1" 200 17 "-" "PostmanRuntime/7.30.0"
87.200.18.58 - - [16/Dec/2022:16:44:49 +0400] "POST /gtcc_api/vehicle_status_update HTTP/1.1" 200 8 "https://envirol.abacitechs.com/vehicleentrytemp" "Mozilla/5.0 (Windows NT 10.0; Win64; x64) AppleWebKit/537.36 (KHTML, like Gecko) Chrome/108.0.0.0 Safari/537.36"
87.200.18.58 - - [16/Dec/2022:16:44:56 +0400] "POST /gtcc_api/vehicle_status_update HTTP/1.1" 200 8 "https://envirol.abacitechs.com/vehicleentrytemp" "Mozilla/5.0 (Windows NT 10.0; Win64; x64) AppleWebKit/537.36 (KHTML, like Gecko) Chrome/108.0.0.0 Safari/537.36"
54.86.50.139 - - [16/Dec/2022:16:45:02 +0400] "POST /gtcc_api/rfid_detection_for_vehicle HTTP/1.1" 406 25 "-" "PostmanRuntime/7.30.0"
87.200.18.58 - - [16/Dec/2022:16:45:22 +0400] "GET /gtcc_api/vehiclelist_operator HTTP/1.1" 200 4969 "-" "okhttp/4.9.2"
87.200.18.58 - - [16/Dec/2022:16:45:22 +0400] "GET /users_api/profile HTTP/1.1" 200 694 "-" "okhttp/4.9.2"
49.37.233.125 - - [16/Dec/2022:16:45:38 +0400] "GET /users_api/profile HTTP/1.1" 200 2050 "-" "okhttp/4.9.2"
49.37.233.125 - - [16/Dec/2022:16:45:38 +0400] "GET /gtcc_api/service_request_grease_traps_for_mobile/260 HTTP/1.1" 200 4344 "-" "okhttp/4.9.2"
49.37.233.125 - - [16/Dec/2022:16:45:40 +0400] "GET /media/service_request/0_before_1671193735176b.jpg HTTP/1.1" 200 451847 "-" "okhttp/4.9.2"
49.37.233.125 - - [16/Dec/2022:16:45:40 +0400] "GET /media/service_request/0_before_16711937025376.jpg HTTP/1.1" 200 384945 "-" "okhttp/4.9.2"
49.37.233.125 - - [16/Dec/2022:16:46:08 +0400] "GET /users_api/profile HTTP/1.1" 401 40 "-" "okhttp/4.9.2"
49.37.233.125 - - [16/Dec/2022:16:46:08 +0400] "GET / HTTP/1.1" 200 389 "-" "okhttp/4.9.2"
49.37.233.125 - - [16/Dec/2022:16:46:30 +0400] "GET / HTTP/1.1" 200 389 "-" "okhttp/4.9.2"
49.37.233.125 - - [16/Dec/2022:16:46:30 +0400] "GET /users_api/profile HTTP/1.1" 401 35 "-" "okhttp/4.9.2"
49.37.233.125 - - [16/Dec/2022:16:48:26 +0400] "GET /users_api/profile HTTP/1.1" 200 2050 "-" "okhttp/4.9.2"
49.37.233.125 - - [16/Dec/2022:16:48:26 +0400] "GET /gtcc_api/service_request_grease_traps_for_mobile/260 HTTP/1.1" 200 4344 "-" "okhttp/4.9.2"
87.200.18.58 - - [16/Dec/2022:17:02:52 +0400] "POST /users_api/login HTTP/1.1" 502 568 "https://envirol.abacitechs.com/login" "Mozilla/5.0 (Windows NT 10.0; Win64; x64) AppleWebKit/537.36 (KHTML, like Gecko) Chrome/108.0.0.0 Safari/537.36"
54.86.50.139 - - [16/Dec/2022:17:06:20 +0400] "POST /gtcc_api/assign_vehicle_for_service_request HTTP/1.1" 401 40 "-" "PostmanRuntime/7.30.0"
198.74.56.135 - - [16/Dec/2022:17:16:34 +0400] "GET / HTTP/1.1" 400 264 "-" "Mozilla/5.0 zgrab/0.x"
193.118.53.194 - - [16/Dec/2022:17:50:44 +0400] "GET / HTTP/1.1" 404 2494 "-" "Mozilla/5.0 (Windows NT 10.0; Win64; x64) AppleWebKit/537.36 (KHTML, like Gecko) Chrome/60.0.3112.113 Safari/537.36"
64.62.197.64 - - [16/Dec/2022:18:29:30 +0400] "GET / HTTP/1.1" 404 2489 "-" "Mozilla/5.0 (Windows NT 6.1; Win64; x64; rv:104.0) Gecko/20100101 Firefox/104.0"
179.43.177.154 - - [16/Dec/2022:18:37:02 +0400] "GET /wp-content/.git/config HTTP/1.1" 404 2519 "-" "Mozilla/5.0 (Windows NT 10.0; Win64; x64) AppleWebKit/537.36 (KHTML, like Gecko) Chrome/100.0.4896.143 Safari/537.36 Edg/100.0.1185.57"
64.62.197.69 - - [16/Dec/2022:18:39:51 +0400] "GET / HTTP/1.1" 404 2494 "-" "Mozilla/5.0 (Windows NT 6.1; Win64; x64; rv:104.0) Gecko/20100101 Firefox/104.0"
45.95.147.49 - - [16/Dec/2022:19:12:59 +0400] "GET / HTTP/1.1" 404 13214 "-" "libwww-perl/6.67"
147.78.47.249 - - [16/Dec/2022:19:44:29 +0400] "GET /public/_ignition/health-check/ HTTP/1.1" 404 2528 "http://envirol.abacitechs.com/public/_ignition/health-check/" "Mozilla/5.0 (Windows NT 10.0; Win64; x64) AppleWebKit/537.36 (KHTML, like Gecko) Chrome/105.0.0.0 Safari/537.36"
147.78.47.249 - - [16/Dec/2022:19:44:31 +0400] "GET /_ignition/health-check/ HTTP/1.1" 404 2520 "http://envirol.abacitechs.com/_ignition/health-check/" "Mozilla/5.0 (Windows NT 10.0; Win64; x64) AppleWebKit/537.36 (KHTML, like Gecko) Chrome/105.0.0.0 Safari/537.36"
147.78.47.249 - - [16/Dec/2022:19:44:33 +0400] "GET /wp-includes/wlwmanifest.xml HTTP/1.1" 404 2528 "http://envirol.abacitechs.com/wp-includes/wlwmanifest.xml" "Mozilla/5.0 (Windows NT 10.0; Win64; x64) AppleWebKit/537.36 (KHTML, like Gecko) Chrome/105.0.0.0 Safari/537.36"
152.89.196.211 - - [16/Dec/2022:20:12:57 +0400] "GET / HTTP/1.1" 404 2496 "-" "Mozilla/5.0 (Windows NT 10.0; Win64; x64) AppleWebKit/537.36 (KHTML, like Gecko) Chrome/78.0.3904.108 Safari/537.36"
87.236.176.200 - - [16/Dec/2022:20:26:06 +0400] "GET / HTTP/1.1" 502 166 "-" "Mozilla/5.0 (compatible; InternetMeasurement/1.0; +https://internet-measurement.com/)"
152.89.196.211 - - [16/Dec/2022:20:28:44 +0400] "POST /vendor/phpunit/phpunit/src/Util/PHP/eval-stdin.php HTTP/1.1" 502 568 "-" "Mozilla/5.0 (Windows NT 10.0; Win64; x64) AppleWebKit/537.36 (KHTML, like Gecko) Chrome/78.0.3904.108 Safari/537.36"
152.89.196.211 - - [16/Dec/2022:20:34:38 +0400] "GET /vendor/phpunit/phpunit/src/Util/PHP/eval-stdin.php HTTP/1.1" 502 568 "-" "Mozilla/5.0 (Windows NT 10.0; Win64; x64) AppleWebKit/537.36 (KHTML, like Gecko) Chrome/78.0.3904.108 Safari/537.36"
152.89.196.211 - - [16/Dec/2022:20:49:44 +0400] "GET /index.php?s=/Index/\x5Cthink\x5Capp/invokefunction&function=call_user_func_array&vars[0]=md5&vars[1][]=HelloThinkPHP21 HTTP/1.1" 502 568 "-" "Mozilla/5.0 (Windows NT 10.0; Win64; x64) AppleWebKit/537.36 (KHTML, like Gecko) Chrome/78.0.3904.108 Safari/537.36"
3.227.8.175 - - [16/Dec/2022:20:57:04 +0400] "GET / HTTP/1.1" 502 166 "-" "Mozilla/5.0 (Windows; U; Windows NT 6.1; en-US) AppleWebKit/533.20.25 (KHTML, like Gecko) Version/5.0.4 Safari/533.20.27"
152.89.196.211 - - [16/Dec/2022:21:02:37 +0400] "GET /?XDEBUG_SESSION_START=phpstorm HTTP/1.1" 502 568 "-" "Mozilla/5.0 (Windows NT 10.0; Win64; x64) AppleWebKit/537.36 (KHTML, like Gecko) Chrome/78.0.3904.108 Safari/537.36"
192.241.209.21 - - [16/Dec/2022:21:03:05 +0400] "GET /autodiscover/autodiscover.json?@zdi/Powershell HTTP/1.1" 502 166 "-" "Mozilla/5.0 zgrab/0.x"
152.89.196.211 - - [16/Dec/2022:21:50:14 +0400] "POST /mifs/.;/services/LogService HTTP/1.1" 502 568 "https://65.109.161.238:443" "Mozilla/5.0 (Windows NT 10.0; Win64; x64) AppleWebKit/537.36 (KHTML, like Gecko) Chrome/78.0.3904.108 Safari/537.36"
152.89.196.211 - - [16/Dec/2022:22:04:20 +0400] "GET /console/ HTTP/1.1" 502 568 "-" "Mozilla/5.0 (Windows NT 10.0; Win64; x64) AppleWebKit/537.36 (KHTML, like Gecko) Chrome/78.0.3904.108 Safari/537.36"
94.205.143.186 - - [16/Dec/2022:22:12:56 +0400] "POST /gtcc_api/rfid_detection_for_vehicle HTTP/1.1" 502 166 "-" "ESP32 HTTP Client/1.0"
94.205.143.186 - - [16/Dec/2022:22:13:11 +0400] "POST /gtcc_api/rfid_detection_for_vehicle HTTP/1.1" 502 166 "-" "ESP32 HTTP Client/1.0"
94.205.143.186 - - [16/Dec/2022:22:13:18 +0400] "POST /gtcc_api/rfid_detection_for_vehicle HTTP/1.1" 502 166 "-" "ESP32 HTTP Client/1.0"
152.89.196.211 - - [16/Dec/2022:22:13:20 +0400] "POST /Autodiscover/Autodiscover.xml HTTP/1.1" 502 568 "-" "Mozilla/5.0 (Windows NT 10.0; Win64; x64) AppleWebKit/537.36 (KHTML, like Gecko) Chrome/78.0.3904.108 Safari/537.36"
94.205.143.186 - - [16/Dec/2022:22:13:25 +0400] "POST /gtcc_api/rfid_detection_for_vehicle HTTP/1.1" 502 166 "-" "ESP32 HTTP Client/1.0"
94.205.143.186 - - [16/Dec/2022:22:13:33 +0400] "POST /gtcc_api/rfid_detection_for_vehicle HTTP/1.1" 502 166 "-" "ESP32 HTTP Client/1.0"
94.205.143.186 - - [16/Dec/2022:22:13:40 +0400] "POST /gtcc_api/rfid_detection_for_vehicle HTTP/1.1" 502 166 "-" "ESP32 HTTP Client/1.0"
94.205.143.186 - - [16/Dec/2022:22:13:48 +0400] "POST /gtcc_api/rfid_detection_for_vehicle HTTP/1.1" 502 166 "-" "ESP32 HTTP Client/1.0"
94.205.143.186 - - [16/Dec/2022:22:13:59 +0400] "POST /gtcc_api/rfid_detection_for_vehicle HTTP/1.1" 502 166 "-" "ESP32 HTTP Client/1.0"
94.205.143.186 - - [16/Dec/2022:22:14:35 +0400] "POST /gtcc_api/rfid_detection_for_vehicle HTTP/1.1" 502 166 "-" "ESP32 HTTP Client/1.0"
94.205.143.186 - - [16/Dec/2022:22:14:43 +0400] "POST /gtcc_api/rfid_detection_for_vehicle HTTP/1.1" 502 166 "-" "ESP32 HTTP Client/1.0"
94.205.143.186 - - [16/Dec/2022:22:14:50 +0400] "POST /gtcc_api/rfid_detection_for_vehicle HTTP/1.1" 502 166 "-" "ESP32 HTTP Client/1.0"
94.205.143.186 - - [16/Dec/2022:22:14:57 +0400] "POST /gtcc_api/rfid_detection_for_vehicle HTTP/1.1" 502 166 "-" "ESP32 HTTP Client/1.0"
94.205.143.186 - - [16/Dec/2022:22:15:04 +0400] "POST /gtcc_api/rfid_detection_for_vehicle HTTP/1.1" 502 166 "-" "ESP32 HTTP Client/1.0"
94.205.143.186 - - [16/Dec/2022:22:15:11 +0400] "POST /gtcc_api/rfid_detection_for_vehicle HTTP/1.1" 502 166 "-" "ESP32 HTTP Client/1.0"
94.205.143.186 - - [16/Dec/2022:22:15:19 +0400] "POST /gtcc_api/rfid_detection_for_vehicle HTTP/1.1" 502 166 "-" "ESP32 HTTP Client/1.0"
94.205.143.186 - - [16/Dec/2022:22:15:25 +0400] "POST /gtcc_api/rfid_detection_for_vehicle HTTP/1.1" 502 166 "-" "ESP32 HTTP Client/1.0"
94.205.143.186 - - [16/Dec/2022:22:15:32 +0400] "POST /gtcc_api/rfid_detection_for_vehicle HTTP/1.1" 502 166 "-" "ESP32 HTTP Client/1.0"
94.205.143.186 - - [16/Dec/2022:22:15:39 +0400] "POST /gtcc_api/rfid_detection_for_vehicle HTTP/1.1" 502 166 "-" "ESP32 HTTP Client/1.0"
94.205.143.186 - - [16/Dec/2022:22:15:47 +0400] "POST /gtcc_api/rfid_detection_for_vehicle HTTP/1.1" 502 166 "-" "ESP32 HTTP Client/1.0"
94.205.143.186 - - [16/Dec/2022:22:15:56 +0400] "POST /gtcc_api/rfid_detection_for_vehicle HTTP/1.1" 502 166 "-" "ESP32 HTTP Client/1.0"
94.205.143.186 - - [16/Dec/2022:22:16:03 +0400] "POST /gtcc_api/rfid_detection_for_vehicle HTTP/1.1" 502 166 "-" "ESP32 HTTP Client/1.0"
94.205.143.186 - - [16/Dec/2022:22:16:09 +0400] "POST /gtcc_api/rfid_detection_for_vehicle HTTP/1.1" 502 166 "-" "ESP32 HTTP Client/1.0"
94.205.143.186 - - [16/Dec/2022:22:16:17 +0400] "POST /gtcc_api/rfid_detection_for_vehicle HTTP/1.1" 502 166 "-" "ESP32 HTTP Client/1.0"
94.205.143.186 - - [16/Dec/2022:22:16:24 +0400] "POST /gtcc_api/rfid_detection_for_vehicle HTTP/1.1" 502 166 "-" "ESP32 HTTP Client/1.0"
94.205.143.186 - - [16/Dec/2022:22:16:31 +0400] "POST /gtcc_api/rfid_detection_for_vehicle HTTP/1.1" 502 166 "-" "ESP32 HTTP Client/1.0"
94.205.143.186 - - [16/Dec/2022:22:16:38 +0400] "POST /gtcc_api/rfid_detection_for_vehicle HTTP/1.1" 502 166 "-" "ESP32 HTTP Client/1.0"
94.205.143.186 - - [16/Dec/2022:22:16:46 +0400] "POST /gtcc_api/rfid_detection_for_vehicle HTTP/1.1" 502 166 "-" "ESP32 HTTP Client/1.0"
94.205.143.186 - - [16/Dec/2022:22:16:53 +0400] "POST /gtcc_api/rfid_detection_for_vehicle HTTP/1.1" 502 166 "-" "ESP32 HTTP Client/1.0"
94.205.143.186 - - [16/Dec/2022:22:17:00 +0400] "POST /gtcc_api/rfid_detection_for_vehicle HTTP/1.1" 502 166 "-" "ESP32 HTTP Client/1.0"
94.205.143.186 - - [16/Dec/2022:22:17:07 +0400] "POST /gtcc_api/rfid_detection_for_vehicle HTTP/1.1" 502 166 "-" "ESP32 HTTP Client/1.0"
94.205.143.186 - - [16/Dec/2022:22:17:14 +0400] "POST /gtcc_api/rfid_detection_for_vehicle HTTP/1.1" 502 166 "-" "ESP32 HTTP Client/1.0"
94.205.143.186 - - [16/Dec/2022:22:17:20 +0400] "POST /gtcc_api/rfid_detection_for_vehicle HTTP/1.1" 502 166 "-" "ESP32 HTTP Client/1.0"
94.205.143.186 - - [16/Dec/2022:22:17:27 +0400] "POST /gtcc_api/rfid_detection_for_vehicle HTTP/1.1" 502 166 "-" "ESP32 HTTP Client/1.0"
94.205.143.186 - - [16/Dec/2022:22:17:37 +0400] "POST /gtcc_api/rfid_detection_for_vehicle HTTP/1.1" 502 166 "-" "ESP32 HTTP Client/1.0"
94.205.143.186 - - [16/Dec/2022:22:17:44 +0400] "POST /gtcc_api/rfid_detection_for_vehicle HTTP/1.1" 502 166 "-" "ESP32 HTTP Client/1.0"
94.205.143.186 - - [16/Dec/2022:22:17:51 +0400] "POST /gtcc_api/rfid_detection_for_vehicle HTTP/1.1" 502 166 "-" "ESP32 HTTP Client/1.0"
94.205.143.186 - - [16/Dec/2022:22:17:58 +0400] "POST /gtcc_api/rfid_detection_for_vehicle HTTP/1.1" 502 166 "-" "ESP32 HTTP Client/1.0"
94.205.143.186 - - [16/Dec/2022:22:18:07 +0400] "POST /gtcc_api/rfid_detection_for_vehicle HTTP/1.1" 502 166 "-" "ESP32 HTTP Client/1.0"
94.205.143.186 - - [16/Dec/2022:22:18:15 +0400] "POST /gtcc_api/rfid_detection_for_vehicle HTTP/1.1" 404 24 "-" "ESP32 HTTP Client/1.0"
94.205.143.186 - - [16/Dec/2022:22:18:23 +0400] "POST /gtcc_api/rfid_detection_for_vehicle HTTP/1.1" 404 24 "-" "ESP32 HTTP Client/1.0"
94.205.143.186 - - [16/Dec/2022:22:18:33 +0400] "POST /gtcc_api/rfid_detection_for_vehicle HTTP/1.1" 404 24 "-" "ESP32 HTTP Client/1.0"
94.205.143.186 - - [16/Dec/2022:22:18:42 +0400] "POST /gtcc_api/rfid_detection_for_vehicle HTTP/1.1" 404 24 "-" "ESP32 HTTP Client/1.0"
94.205.143.186 - - [16/Dec/2022:22:18:50 +0400] "POST /gtcc_api/rfid_detection_for_vehicle HTTP/1.1" 404 24 "-" "ESP32 HTTP Client/1.0"
94.205.143.186 - - [16/Dec/2022:22:18:57 +0400] "POST /gtcc_api/rfid_detection_for_vehicle HTTP/1.1" 502 166 "-" "ESP32 HTTP Client/1.0"
94.205.143.186 - - [16/Dec/2022:22:19:03 +0400] "POST /gtcc_api/rfid_detection_for_vehicle HTTP/1.1" 502 166 "-" "ESP32 HTTP Client/1.0"
94.205.143.186 - - [16/Dec/2022:22:19:07 +0400] "GET / HTTP/1.1" 502 568 "-" "Mozilla/5.0 (Linux; Android 13; SM-N986B) AppleWebKit/537.36 (KHTML, like Gecko) Chrome/108.0.0.0 Mobile Safari/537.36"
94.205.143.186 - - [16/Dec/2022:22:19:07 +0400] "GET /favicon.ico HTTP/1.1" 502 568 "https://envirol.abacitechs.com/" "Mozilla/5.0 (Linux; Android 13; SM-N986B) AppleWebKit/537.36 (KHTML, like Gecko) Chrome/108.0.0.0 Mobile Safari/537.36"
94.205.143.186 - - [16/Dec/2022:22:19:10 +0400] "POST /gtcc_api/rfid_detection_for_vehicle HTTP/1.1" 502 166 "-" "ESP32 HTTP Client/1.0"
94.205.143.186 - - [16/Dec/2022:22:19:17 +0400] "POST /gtcc_api/rfid_detection_for_vehicle HTTP/1.1" 502 166 "-" "ESP32 HTTP Client/1.0"
94.205.143.186 - - [16/Dec/2022:22:19:24 +0400] "POST /gtcc_api/rfid_detection_for_vehicle HTTP/1.1" 502 166 "-" "ESP32 HTTP Client/1.0"
94.205.143.186 - - [16/Dec/2022:22:19:33 +0400] "POST /gtcc_api/rfid_detection_for_vehicle HTTP/1.1" 502 166 "-" "ESP32 HTTP Client/1.0"
94.205.143.186 - - [16/Dec/2022:22:19:40 +0400] "POST /gtcc_api/rfid_detection_for_vehicle HTTP/1.1" 404 24 "-" "ESP32 HTTP Client/1.0"
94.205.143.186 - - [16/Dec/2022:22:19:45 +0400] "GET / HTTP/1.1" 404 21146 "-" "Mozilla/5.0 (Linux; Android 13; SM-N986B) AppleWebKit/537.36 (KHTML, like Gecko) Chrome/108.0.0.0 Mobile Safari/537.36"
94.205.143.186 - - [16/Dec/2022:22:19:45 +0400] "GET /static/debug_toolbar/css/toolbar.css HTTP/1.1" 404 197 "https://envirol.abacitechs.com/" "Mozilla/5.0 (Linux; Android 13; SM-N986B) AppleWebKit/537.36 (KHTML, like Gecko) Chrome/108.0.0.0 Mobile Safari/537.36"
94.205.143.186 - - [16/Dec/2022:22:19:46 +0400] "GET /static/debug_toolbar/js/toolbar.js HTTP/1.1" 404 197 "https://envirol.abacitechs.com/" "Mozilla/5.0 (Linux; Android 13; SM-N986B) AppleWebKit/537.36 (KHTML, like Gecko) Chrome/108.0.0.0 Mobile Safari/537.36"
94.205.143.186 - - [16/Dec/2022:22:19:46 +0400] "GET /static/debug_toolbar/js/timer.js HTTP/1.1" 404 197 "https://envirol.abacitechs.com/" "Mozilla/5.0 (Linux; Android 13; SM-N986B) AppleWebKit/537.36 (KHTML, like Gecko) Chrome/108.0.0.0 Mobile Safari/537.36"
94.205.143.186 - - [16/Dec/2022:22:19:46 +0400] "GET /static/debug_toolbar/css/print.css HTTP/1.1" 404 197 "https://envirol.abacitechs.com/" "Mozilla/5.0 (Linux; Android 13; SM-N986B) AppleWebKit/537.36 (KHTML, like Gecko) Chrome/108.0.0.0 Mobile Safari/537.36"
94.205.143.186 - - [16/Dec/2022:22:19:46 +0400] "GET /favicon.ico HTTP/1.1" 404 21140 "https://envirol.abacitechs.com/" "Mozilla/5.0 (Linux; Android 13; SM-N986B) AppleWebKit/537.36 (KHTML, like Gecko) Chrome/108.0.0.0 Mobile Safari/537.36"
94.205.143.186 - - [16/Dec/2022:22:19:47 +0400] "POST /gtcc_api/rfid_detection_for_vehicle HTTP/1.1" 404 24 "-" "ESP32 HTTP Client/1.0"
94.205.143.186 - - [16/Dec/2022:22:19:49 +0400] "GET / HTTP/1.1" 404 21173 "-" "Mozilla/5.0 (Linux; Android 13; SM-N986B) AppleWebKit/537.36 (KHTML, like Gecko) Chrome/108.0.0.0 Mobile Safari/537.36"
94.205.143.186 - - [16/Dec/2022:22:19:49 +0400] "GET /static/debug_toolbar/js/toolbar.js HTTP/1.1" 404 197 "https://envirol.abacitechs.com/" "Mozilla/5.0 (Linux; Android 13; SM-N986B) AppleWebKit/537.36 (KHTML, like Gecko) Chrome/108.0.0.0 Mobile Safari/537.36"
94.205.143.186 - - [16/Dec/2022:22:19:49 +0400] "GET /static/debug_toolbar/css/toolbar.css HTTP/1.1" 404 197 "https://envirol.abacitechs.com/" "Mozilla/5.0 (Linux; Android 13; SM-N986B) AppleWebKit/537.36 (KHTML, like Gecko) Chrome/108.0.0.0 Mobile Safari/537.36"
94.205.143.186 - - [16/Dec/2022:22:19:49 +0400] "GET /static/debug_toolbar/js/timer.js HTTP/1.1" 404 197 "https://envirol.abacitechs.com/" "Mozilla/5.0 (Linux; Android 13; SM-N986B) AppleWebKit/537.36 (KHTML, like Gecko) Chrome/108.0.0.0 Mobile Safari/537.36"
94.205.143.186 - - [16/Dec/2022:22:19:49 +0400] "GET /static/debug_toolbar/css/print.css HTTP/1.1" 404 197 "https://envirol.abacitechs.com/" "Mozilla/5.0 (Linux; Android 13; SM-N986B) AppleWebKit/537.36 (KHTML, like Gecko) Chrome/108.0.0.0 Mobile Safari/537.36"
